/projects/academic/mshalfon/new74Tsets_Feb2020/adult_mesoderm.mapping1
/projects/academic/mshalfon/new74Tsets_Feb2020/adult_muscle
/projects/academic/mshalfon/new74Tsets_Feb2020/adult_somatic_muscle
/projects/academic/mshalfon/new74Tsets_Feb2020/amnioserosa.mapping1
/projects/academic/mshalfon/new74Tsets_Feb2020/blastoderm.mapping1
/projects/academic/mshalfon/new74Tsets_Feb2020/cardiac.mapping1
/projects/academic/mshalfon/new74Tsets_Feb2020/emb-larv_excretory
/projects/academic/mshalfon/new74Tsets_Feb2020/emb-larv_fat_body
/projects/academic/mshalfon/new74Tsets_Feb2020/emb-larv_hindgut
/projects/academic/mshalfon/new74Tsets_Feb2020/embryonic_muscle
/projects/academic/mshalfon/new74Tsets_Feb2020/embryonic_pns
/projects/academic/mshalfon/new74Tsets_Feb2020/embryonic_somatic_muscle
/projects/academic/mshalfon/new74Tsets_Feb2020/embryonic_trachea
/projects/academic/mshalfon/new74Tsets_Feb2020/eye_disc
/projects/academic/mshalfon/new74Tsets_Feb2020/eye.mapping1
/projects/academic/mshalfon/new74Tsets_Feb2020/malpig.mapping1
/projects/academic/mshalfon/new74Tsets_Feb2020/mesectoderm.mapping1
/projects/academic/mshalfon/new74Tsets_Feb2020/mesoderm.mapping1
/projects/academic/mshalfon/new74Tsets_Feb2020/somatic_muscle.mapping1
/projects/academic/mshalfon/new74Tsets_Feb2020/visceral.mapping1
