/projects/academic/mshalfon/new74Tsets_Feb2020/adult_brain
/projects/academic/mshalfon/new74Tsets_Feb2020/adult_circulatory
/projects/academic/mshalfon/new74Tsets_Feb2020/adult_cns
/projects/academic/mshalfon/new74Tsets_Feb2020/adult_foregut
/projects/academic/mshalfon/new74Tsets_Feb2020/adult_midgut
/projects/academic/mshalfon/new74Tsets_Feb2020/adult_nervous
/projects/academic/mshalfon/new74Tsets_Feb2020/adult_pns
/projects/academic/mshalfon/new74Tsets_Feb2020/adult_sense_organ
/projects/academic/mshalfon/new74Tsets_Feb2020/antenna
/projects/academic/mshalfon/new74Tsets_Feb2020/antennal_disc
/projects/academic/mshalfon/new74Tsets_Feb2020/disc.mapping1
/projects/academic/mshalfon/new74Tsets_Feb2020/ectoderm.mapping1
/projects/academic/mshalfon/new74Tsets_Feb2020/ectoderm.mapping2
/projects/academic/mshalfon/new74Tsets_Feb2020/emb-larval_visceral
/projects/academic/mshalfon/new74Tsets_Feb2020/emb-larval_cns
/projects/academic/mshalfon/new74Tsets_Feb2020/emb-larval_neuron
/projects/academic/mshalfon/new74Tsets_Feb2020/embryonic_salivary
/projects/academic/mshalfon/new74Tsets_Feb2020/embryonic_ventral_nervous_sytem
/projects/academic/mshalfon/new74Tsets_Feb2020/endoderm.mapping1
/projects/academic/mshalfon/new74Tsets_Feb2020/eye.mappping2
/projects/academic/mshalfon/new74Tsets_Feb2020/female_reproductive
/projects/academic/mshalfon/new74Tsets_Feb2020/glia
/projects/academic/mshalfon/new74Tsets_Feb2020/glia.mapping1
/projects/academic/mshalfon/new74Tsets_Feb2020/glia.mapping2
/projects/academic/mshalfon/new74Tsets_Feb2020/gonad
/projects/academic/mshalfon/new74Tsets_Feb2020/imaginal_disc
/projects/academic/mshalfon/new74Tsets_Feb2020/leg
/projects/academic/mshalfon/new74Tsets_Feb2020/male_gonad.mapping1
/projects/academic/mshalfon/new74Tsets_Feb2020/male_reproductive
/projects/academic/mshalfon/new74Tsets_Feb2020/mesoderm.mapping2
/projects/academic/mshalfon/new74Tsets_Feb2020/neuron
/projects/academic/mshalfon/new74Tsets_Feb2020/reproductice.mapping2
/projects/academic/mshalfon/new74Tsets_Feb2020/trachea.mapping1
