/projects/academic/mshalfon/new74Tsets_Feb2020/adult_brain
/projects/academic/mshalfon/new74Tsets_Feb2020/embryonic_somatic_muscle
/projects/academic/mshalfon/new74Tsets_Feb2020/adult_circulatory
/projects/academic/mshalfon/new74Tsets_Feb2020/embryonic_trachea
/projects/academic/mshalfon/new74Tsets_Feb2020/adult_cns
/projects/academic/mshalfon/new74Tsets_Feb2020/embryonic_ventral_nervous_system
/projects/academic/mshalfon/new74Tsets_Feb2020/adult_foregut
/projects/academic/mshalfon/new74Tsets_Feb2020/endoderm.mapping1
/projects/academic/mshalfon/new74Tsets_Feb2020/adult_mesoderm.mapping1
/projects/academic/mshalfon/new74Tsets_Feb2020/eye-antennal_disc
/projects/academic/mshalfon/new74Tsets_Feb2020/adult_midgut
/projects/academic/mshalfon/new74Tsets_Feb2020/eye.mapping1
/projects/academic/mshalfon/new74Tsets_Feb2020/adult_muscle
/projects/academic/mshalfon/new74Tsets_Feb2020/eye.mapping2
/projects/academic/mshalfon/new74Tsets_Feb2020/adult_nervous
/projects/academic/mshalfon/new74Tsets_Feb2020/eye_disc
/projects/academic/mshalfon/new74Tsets_Feb2020/adult_pns
/projects/academic/mshalfon/new74Tsets_Feb2020/fat_body.mapping1
/projects/academic/mshalfon/new74Tsets_Feb2020/adult_sense_organ
/projects/academic/mshalfon/new74Tsets_Feb2020/female_gonad.mapping1
/projects/academic/mshalfon/new74Tsets_Feb2020/adult_somatic_muscle
/projects/academic/mshalfon/new74Tsets_Feb2020/female_reproductive
/projects/academic/mshalfon/new74Tsets_Feb2020/amnioserosa.mapping1
/projects/academic/mshalfon/new74Tsets_Feb2020/genital_disc
/projects/academic/mshalfon/new74Tsets_Feb2020/antenna
/projects/academic/mshalfon/new74Tsets_Feb2020/glia.mapping1
/projects/academic/mshalfon/new74Tsets_Feb2020/antennal_disc
/projects/academic/mshalfon/new74Tsets_Feb2020/glia.mapping2
/projects/academic/mshalfon/new74Tsets_Feb2020/antennal_lobe
/projects/academic/mshalfon/new74Tsets_Feb2020/glia
/projects/academic/mshalfon/new74Tsets_Feb2020/blastoderm.mapping1
/projects/academic/mshalfon/new74Tsets_Feb2020/gonad
/projects/academic/mshalfon/new74Tsets_Feb2020/cardiac.mapping1
/projects/academic/mshalfon/new74Tsets_Feb2020/haltere_disc
/projects/academic/mshalfon/new74Tsets_Feb2020/disc.mapping1
