/projects/academic/mshalfon/new74Tsets_Feb2020/imaginal_disc
/projects/academic/mshalfon/new74Tsets_Feb2020/disc.mapping2
/projects/academic/mshalfon/new74Tsets_Feb2020/leg_disc
/projects/academic/mshalfon/new74Tsets_Feb2020/dorsal_ectoderm.mapping1
/projects/academic/mshalfon/new74Tsets_Feb2020/leg
/projects/academic/mshalfon/new74Tsets_Feb2020/ectoderm.mapping1
/projects/academic/mshalfon/new74Tsets_Feb2020/male_gonad.mapping1
/projects/academic/mshalfon/new74Tsets_Feb2020/ectoderm.mapping2
/projects/academic/mshalfon/new74Tsets_Feb2020/male_reproductive
/projects/academic/mshalfon/new74Tsets_Feb2020/emb-larv_circulatory_system
/projects/academic/mshalfon/new74Tsets_Feb2020/malpig.mapping1
/projects/academic/mshalfon/new74Tsets_Feb2020/emb-larv_excretory
/projects/academic/mshalfon/new74Tsets_Feb2020/mesectoderm.mapping1
/projects/academic/mshalfon/new74Tsets_Feb2020/emb-larv_fat_body
/projects/academic/mshalfon/new74Tsets_Feb2020/mesoderm.mapping1
/projects/academic/mshalfon/new74Tsets_Feb2020/emb-larv_foregut
/projects/academic/mshalfon/new74Tsets_Feb2020/mesoderm.mapping2
/projects/academic/mshalfon/new74Tsets_Feb2020/emb-larv_hindgut
/projects/academic/mshalfon/new74Tsets_Feb2020/myoblast
/projects/academic/mshalfon/new74Tsets_Feb2020/emb-larv_visceral
/projects/academic/mshalfon/new74Tsets_Feb2020/neuron
/projects/academic/mshalfon/new74Tsets_Feb2020/emb-larval_cns
/projects/academic/mshalfon/new74Tsets_Feb2020/pns.mapping1
/projects/academic/mshalfon/new74Tsets_Feb2020/emb-larval_mushroombody
/projects/academic/mshalfon/new74Tsets_Feb2020/reproductive.mapping2
/projects/academic/mshalfon/new74Tsets_Feb2020/emb-larval_neuron
/projects/academic/mshalfon/new74Tsets_Feb2020/salivary.mapping1
/projects/academic/mshalfon/new74Tsets_Feb2020/emb-larval_opticlobe
/projects/academic/mshalfon/new74Tsets_Feb2020/somatic_muscle.mapping1
/projects/academic/mshalfon/new74Tsets_Feb2020/embryonic_epidermis
/projects/academic/mshalfon/new74Tsets_Feb2020/trachea.mapping1
/projects/academic/mshalfon/new74Tsets_Feb2020/embryonic_midgut
/projects/academic/mshalfon/new74Tsets_Feb2020/ventral_ectoderm.mapping1
/projects/academic/mshalfon/new74Tsets_Feb2020/embryonic_muscle
/projects/academic/mshalfon/new74Tsets_Feb2020/visceral.mapping1
/projects/academic/mshalfon/new74Tsets_Feb2020/embryonic_pns
/projects/academic/mshalfon/new74Tsets_Feb2020/wing.mapping2
/projects/academic/mshalfon/new74Tsets_Feb2020/embryonic_salivary
/projects/academic/mshalfon/new74Tsets_Feb2020/embryonic_sense_organ
